I'm sorry, but errors were detected in your script. Please correct the
errors listed below, and try again.


File "game/script.rpy", line 140: expected statement.
    returns
           ^

Ren'Py Version: Ren'Py 8.3.2.24090902
Thu Oct 31 17:16:52 2024
